
[1m[46m RUN [49m[22m [36mv3.2.4 [39m[90mC:/Users/batma/Music/retail-billing-buddy/retail-billing-buddy[39m

[90mstdout[2m | src/test/inventory.test.ts[2m > [22m[2mInventory Logic[2m > [22m[2mshould update stock and weighted average cost correctly
[22m[39mSample data initialized

[90mstdout[2m | src/test/inventory.test.ts[2m > [22m[2mInventory Logic[2m > [22m[2mshould reverse stock changes when editing a voucher
[22m[39mSample data initialized

 [32mΓ£ô[39m src/test/inventory.test.ts [2m([22m[2m2 tests[22m[2m)[22m[32m 11[2mms[22m[39m

[2m Test Files [22m [1m[32m1 passed[39m[22m[90m (1)[39m
[2m      Tests [22m [1m[32m2 passed[39m[22m[90m (2)[39m
[2m   Start at [22m 14:47:05
[2m   Duration [22m 2.36s[2m (transform 97ms, setup 179ms, collect 92ms, tests 11ms, environment 946ms, prepare 650ms)[22m

